AR dist_mem_gen_v7_2 spartan3e /home/dumbo/XilinxProjects/PhongVhdlBook/bitmapvideo/ipcore_dir/tmp/./_cg/_dbg/dist_mem_gen_v7_2.vhd sub00/vhpl01 1580565673
EN dist_mem_gen_v7_2 NULL /home/dumbo/XilinxProjects/PhongVhdlBook/bitmapvideo/ipcore_dir/tmp/./_cg/_dbg/dist_mem_gen_v7_2.vhd sub00/vhpl00 1580565672
