EN srlram NULL /home/dumbo/XilinxProjects/PhongVhdlBook/bitmapvideo/ipcore_dir/tmp/./_cg/_dbg/./dist_mem_gen_v7_2/srlram/srlram.vhd sub00/vhpl13 1580565665
EN dist_mem_gen_v7_2_xst NULL /home/dumbo/XilinxProjects/PhongVhdlBook/bitmapvideo/ipcore_dir/tmp/./_cg/_dbg/./dist_mem_gen_v7_2/dist_mem_gen_v7_2_xst.vhd sub00/vhpl16 1580565668
EN rom NULL /home/dumbo/XilinxProjects/PhongVhdlBook/bitmapvideo/ipcore_dir/tmp/./_cg/_dbg/./dist_mem_gen_v7_2/rom/rom.vhd sub00/vhpl03 1580565655
EN dpram NULL /home/dumbo/XilinxProjects/PhongVhdlBook/bitmapvideo/ipcore_dir/tmp/./_cg/_dbg/./dist_mem_gen_v7_2/dpram/dpram.vhd sub00/vhpl07 1580565659
EN sdpram NULL /home/dumbo/XilinxProjects/PhongVhdlBook/bitmapvideo/ipcore_dir/tmp/./_cg/_dbg/./dist_mem_gen_v7_2/sdpram/sdpram.vhd sub00/vhpl09 1580565661
AR dpram rtl /home/dumbo/XilinxProjects/PhongVhdlBook/bitmapvideo/ipcore_dir/tmp/./_cg/_dbg/./dist_mem_gen_v7_2/dpram/dpram.vhd sub00/vhpl08 1580565660
AR dist_mem_gen_v7_2_xst rtl /home/dumbo/XilinxProjects/PhongVhdlBook/bitmapvideo/ipcore_dir/tmp/./_cg/_dbg/./dist_mem_gen_v7_2/dist_mem_gen_v7_2_xst.vhd sub00/vhpl17 1580565669
AR srl_block rtl /home/dumbo/XilinxProjects/PhongVhdlBook/bitmapvideo/ipcore_dir/tmp/./_cg/_dbg/./dist_mem_gen_v7_2/srlram/srl_block.vhd sub00/vhpl12 1580565664
AR dist_mem_gen_v7_2 xilinx /home/dumbo/XilinxProjects/PhongVhdlBook/bitmapvideo/ipcore_dir/tmp/./_cg/_dbg/./dist_mem_gen_v7_2/dist_mem_gen_v7_2.vhd sub00/vhpl19 1580565671
EN dist_mem_gen_v7_2 NULL /home/dumbo/XilinxProjects/PhongVhdlBook/bitmapvideo/ipcore_dir/tmp/./_cg/_dbg/./dist_mem_gen_v7_2/dist_mem_gen_v7_2.vhd sub00/vhpl18 1580565670
PB dist_mem_utils dist_mem_utils /home/dumbo/XilinxProjects/PhongVhdlBook/bitmapvideo/ipcore_dir/tmp/./_cg/_dbg/./dist_mem_gen_v7_2/dist_mem_utils.vhd sub00/vhpl01 1580565653
AR sdpram rtl /home/dumbo/XilinxProjects/PhongVhdlBook/bitmapvideo/ipcore_dir/tmp/./_cg/_dbg/./dist_mem_gen_v7_2/sdpram/sdpram.vhd sub00/vhpl10 1580565662
PH dist_mem_utils NULL /home/dumbo/XilinxProjects/PhongVhdlBook/bitmapvideo/ipcore_dir/tmp/./_cg/_dbg/./dist_mem_gen_v7_2/dist_mem_utils.vhd sub00/vhpl00 1580565652
EN srl_block NULL /home/dumbo/XilinxProjects/PhongVhdlBook/bitmapvideo/ipcore_dir/tmp/./_cg/_dbg/./dist_mem_gen_v7_2/srlram/srl_block.vhd sub00/vhpl11 1580565663
PH dist_mem_comps NULL /home/dumbo/XilinxProjects/PhongVhdlBook/bitmapvideo/ipcore_dir/tmp/./_cg/_dbg/./dist_mem_gen_v7_2/dist_mem_comps.vhd sub00/vhpl02 1580565654
EN spram NULL /home/dumbo/XilinxProjects/PhongVhdlBook/bitmapvideo/ipcore_dir/tmp/./_cg/_dbg/./dist_mem_gen_v7_2/spram/spram.vhd sub00/vhpl05 1580565657
AR spram rtl /home/dumbo/XilinxProjects/PhongVhdlBook/bitmapvideo/ipcore_dir/tmp/./_cg/_dbg/./dist_mem_gen_v7_2/spram/spram.vhd sub00/vhpl06 1580565658
AR srlram rtl /home/dumbo/XilinxProjects/PhongVhdlBook/bitmapvideo/ipcore_dir/tmp/./_cg/_dbg/./dist_mem_gen_v7_2/srlram/srlram.vhd sub00/vhpl14 1580565666
AR rom rtl /home/dumbo/XilinxProjects/PhongVhdlBook/bitmapvideo/ipcore_dir/tmp/./_cg/_dbg/./dist_mem_gen_v7_2/rom/rom.vhd sub00/vhpl04 1580565656
PH dist_mem_gen_v7_2_xst_comp NULL /home/dumbo/XilinxProjects/PhongVhdlBook/bitmapvideo/ipcore_dir/tmp/./_cg/_dbg/./dist_mem_gen_v7_2/dist_mem_gen_v7_2_xst_comp.vhd sub00/vhpl15 1580565667
