V3 20
FL /home/dumbo/XilinxProjects/PhongVhdlBook/bitmapvga/ipcore_dir/blk_mem_gen_v7_3.vhd 2020/02/02.00:29:45 P.20131013
EN work/blk_mem_gen_v7_3 1580657316 \
      FL /home/dumbo/XilinxProjects/PhongVhdlBook/bitmapvga/ipcore_dir/blk_mem_gen_v7_3.vhd \
      PB ieee/std_logic_1164 1381692176
AR work/blk_mem_gen_v7_3/blk_mem_gen_v7_3_a 1580657317 \
      FL /home/dumbo/XilinxProjects/PhongVhdlBook/bitmapvga/ipcore_dir/blk_mem_gen_v7_3.vhd \
      EN work/blk_mem_gen_v7_3 1580657316
FL /home/dumbo/XilinxProjects/PhongVhdlBook/bitmapvga/list_ch06_01_02_debounce.vhd 2008/01/28.17:00:32 P.20131013
EN work/debounce 1580657313 \
      FL /home/dumbo/XilinxProjects/PhongVhdlBook/bitmapvga/list_ch06_01_02_debounce.vhd \
      PB ieee/std_logic_1164 1381692176 PB ieee/NUMERIC_STD 1381692181
AR work/debounce/exp_fsmd_arch 1580657314 \
      FL /home/dumbo/XilinxProjects/PhongVhdlBook/bitmapvga/list_ch06_01_02_debounce.vhd \
      EN work/debounce 1580657313
AR work/debounce/fsmd_arch 1580657315 \
      FL /home/dumbo/XilinxProjects/PhongVhdlBook/bitmapvga/list_ch06_01_02_debounce.vhd \
      EN work/debounce 1580657313
FL /home/dumbo/XilinxProjects/PhongVhdlBook/bitmapvga/list_ch12_01_vga_sync.vhd 2020/02/01.12:18:30 P.20131013
EN work/vga_sync 1580657318 \
      FL /home/dumbo/XilinxProjects/PhongVhdlBook/bitmapvga/list_ch12_01_vga_sync.vhd \
      PB ieee/std_logic_1164 1381692176 PB ieee/NUMERIC_STD 1381692181
AR work/vga_sync/arch 1580657319 \
      FL /home/dumbo/XilinxProjects/PhongVhdlBook/bitmapvga/list_ch12_01_vga_sync.vhd \
      EN work/vga_sync 1580657318
FL /home/dumbo/XilinxProjects/PhongVhdlBook/bitmapvga/list_ch12_07_dot_gra.vhd 2020/02/02.16:25:28 P.20131013
EN work/bitmap_gen 1580657320 \
      FL /home/dumbo/XilinxProjects/PhongVhdlBook/bitmapvga/list_ch12_07_dot_gra.vhd \
      PB ieee/std_logic_1164 1381692176 PB ieee/NUMERIC_STD 1381692181
AR work/bitmap_gen/dual_port_ram_arch 1580657321 \
      FL /home/dumbo/XilinxProjects/PhongVhdlBook/bitmapvga/list_ch12_07_dot_gra.vhd \
      EN work/bitmap_gen 1580657320 CP work/debounce CP work/blk_mem_gen_v7_3
FL /home/dumbo/XilinxProjects/PhongVhdlBook/bitmapvga/list_ch12_08_dot_top.vhd 2020/02/02.16:28:29 P.20131013
EN work/dot_top 1580657322 \
      FL /home/dumbo/XilinxProjects/PhongVhdlBook/bitmapvga/list_ch12_08_dot_top.vhd \
      PB ieee/std_logic_1164 1381692176
AR work/dot_top/arch 1580657323 \
      FL /home/dumbo/XilinxProjects/PhongVhdlBook/bitmapvga/list_ch12_08_dot_top.vhd \
      EN work/dot_top 1580657322 CP work/vga_sync CP work/bitmap_gen
