AR mod_m_counter arch /home/dumbo/XilinxProjects/PhongVhdlBook/KeyboardInterfaceChapter8/list_ch04_11_mod_m.vhd sub00/vhpl01 1578841157
AR ps2_rx arch /home/dumbo/XilinxProjects/PhongVhdlBook/KeyboardInterfaceChapter8/list_ch08_01_ps2_rx.vhd sub00/vhpl09 1578841165
AR kb_code arch /home/dumbo/XilinxProjects/PhongVhdlBook/KeyboardInterfaceChapter8/list_ch08_03_kb_lcode.vhd sub00/vhpl11 1578841167
EN ps2_rx NULL /home/dumbo/XilinxProjects/PhongVhdlBook/KeyboardInterfaceChapter8/list_ch08_01_ps2_rx.vhd sub00/vhpl08 1578841164
AR key2ascii arch /home/dumbo/XilinxProjects/PhongVhdlBook/KeyboardInterfaceChapter8/list_ch08_04_key2ascii.vhd sub00/vhpl15 1578841171
AR fifo arch /home/dumbo/XilinxProjects/PhongVhdlBook/KeyboardInterfaceChapter8/list_ch04_20_fifo.vhd sub00/vhpl05 1578841161
EN key2ascii NULL /home/dumbo/XilinxProjects/PhongVhdlBook/KeyboardInterfaceChapter8/list_ch08_04_key2ascii.vhd sub00/vhpl14 1578841170
EN kb_code NULL /home/dumbo/XilinxProjects/PhongVhdlBook/KeyboardInterfaceChapter8/list_ch08_03_kb_lcode.vhd sub00/vhpl10 1578841166
EN kb_test NULL /home/dumbo/XilinxProjects/PhongVhdlBook/KeyboardInterfaceChapter8/list_ch08_05_kb_test.vhd sub00/vhpl16 1578841172
AR kb_test arch /home/dumbo/XilinxProjects/PhongVhdlBook/KeyboardInterfaceChapter8/list_ch08_05_kb_test.vhd sub00/vhpl17 1578841173
EN fifo NULL /home/dumbo/XilinxProjects/PhongVhdlBook/KeyboardInterfaceChapter8/list_ch04_20_fifo.vhd sub00/vhpl04 1578841160
EN uart NULL /home/dumbo/XilinxProjects/PhongVhdlBook/KeyboardInterfaceChapter8/list_ch07_04_uart.vhd sub00/vhpl12 1578841168
EN mod_m_counter NULL /home/dumbo/XilinxProjects/PhongVhdlBook/KeyboardInterfaceChapter8/list_ch04_11_mod_m.vhd sub00/vhpl00 1578841156
AR uart_tx arch /home/dumbo/XilinxProjects/PhongVhdlBook/KeyboardInterfaceChapter8/list_ch07_03_uart_tx.vhd sub00/vhpl07 1578841163
EN uart_rx NULL /home/dumbo/XilinxProjects/PhongVhdlBook/KeyboardInterfaceChapter8/list_ch07_01_uart_rx.vhd sub00/vhpl02 1578841158
EN uart_tx NULL /home/dumbo/XilinxProjects/PhongVhdlBook/KeyboardInterfaceChapter8/list_ch07_03_uart_tx.vhd sub00/vhpl06 1578841162
AR uart_rx arch /home/dumbo/XilinxProjects/PhongVhdlBook/KeyboardInterfaceChapter8/list_ch07_01_uart_rx.vhd sub00/vhpl03 1578841159
AR uart str_arch /home/dumbo/XilinxProjects/PhongVhdlBook/KeyboardInterfaceChapter8/list_ch07_04_uart.vhd sub00/vhpl13 1578841169
