V3 27
FL /home/dumbo/XilinxProjects/PhongVhdlBook/KeyboardInterfaceChapter8/list_ch04_11_mod_m.vhd 2008/01/28.13:51:06 P.20131013
EN work/mod_m_counter 1578841156 \
      FL /home/dumbo/XilinxProjects/PhongVhdlBook/KeyboardInterfaceChapter8/list_ch04_11_mod_m.vhd \
      PB ieee/std_logic_1164 1381692176 PB ieee/NUMERIC_STD 1381692181
AR work/mod_m_counter/arch 1578841157 \
      FL /home/dumbo/XilinxProjects/PhongVhdlBook/KeyboardInterfaceChapter8/list_ch04_11_mod_m.vhd \
      EN work/mod_m_counter 1578841156
FL /home/dumbo/XilinxProjects/PhongVhdlBook/KeyboardInterfaceChapter8/list_ch04_20_fifo.vhd 2020/01/11.17:20:17 P.20131013
EN work/fifo 1578841160 \
      FL /home/dumbo/XilinxProjects/PhongVhdlBook/KeyboardInterfaceChapter8/list_ch04_20_fifo.vhd \
      PB ieee/std_logic_1164 1381692176 PB ieee/NUMERIC_STD 1381692181
AR work/fifo/arch 1578841161 \
      FL /home/dumbo/XilinxProjects/PhongVhdlBook/KeyboardInterfaceChapter8/list_ch04_20_fifo.vhd \
      EN work/fifo 1578841160
FL /home/dumbo/XilinxProjects/PhongVhdlBook/KeyboardInterfaceChapter8/list_ch07_01_uart_rx.vhd 2008/01/28.17:04:10 P.20131013
EN work/uart_rx 1578841158 \
      FL /home/dumbo/XilinxProjects/PhongVhdlBook/KeyboardInterfaceChapter8/list_ch07_01_uart_rx.vhd \
      PB ieee/std_logic_1164 1381692176 PB ieee/NUMERIC_STD 1381692181
AR work/uart_rx/arch 1578841159 \
      FL /home/dumbo/XilinxProjects/PhongVhdlBook/KeyboardInterfaceChapter8/list_ch07_01_uart_rx.vhd \
      EN work/uart_rx 1578841158
FL /home/dumbo/XilinxProjects/PhongVhdlBook/KeyboardInterfaceChapter8/list_ch07_03_uart_tx.vhd 2008/01/28.17:04:48 P.20131013
EN work/uart_tx 1578841162 \
      FL /home/dumbo/XilinxProjects/PhongVhdlBook/KeyboardInterfaceChapter8/list_ch07_03_uart_tx.vhd \
      PB ieee/std_logic_1164 1381692176 PB ieee/NUMERIC_STD 1381692181
AR work/uart_tx/arch 1578841163 \
      FL /home/dumbo/XilinxProjects/PhongVhdlBook/KeyboardInterfaceChapter8/list_ch07_03_uart_tx.vhd \
      EN work/uart_tx 1578841162
FL /home/dumbo/XilinxProjects/PhongVhdlBook/KeyboardInterfaceChapter8/list_ch07_04_uart.vhd 2008/01/28.17:05:36 P.20131013
EN work/uart 1578841168 \
      FL /home/dumbo/XilinxProjects/PhongVhdlBook/KeyboardInterfaceChapter8/list_ch07_04_uart.vhd \
      PB ieee/std_logic_1164 1381692176 PB ieee/NUMERIC_STD 1381692181
AR work/uart/str_arch 1578841169 \
      FL /home/dumbo/XilinxProjects/PhongVhdlBook/KeyboardInterfaceChapter8/list_ch07_04_uart.vhd \
      EN work/uart 1578841168 AR work/mod_m_counter/arch 1578841157 \
      AR work/uart_rx/arch 1578841159 AR work/fifo/arch 1578841161 \
      AR work/uart_tx/arch 1578841163
FL /home/dumbo/XilinxProjects/PhongVhdlBook/KeyboardInterfaceChapter8/list_ch08_01_ps2_rx.vhd 2008/01/28.17:09:26 P.20131013
EN work/ps2_rx 1578841164 \
      FL /home/dumbo/XilinxProjects/PhongVhdlBook/KeyboardInterfaceChapter8/list_ch08_01_ps2_rx.vhd \
      PB ieee/std_logic_1164 1381692176 PB ieee/NUMERIC_STD 1381692181
AR work/ps2_rx/arch 1578841165 \
      FL /home/dumbo/XilinxProjects/PhongVhdlBook/KeyboardInterfaceChapter8/list_ch08_01_ps2_rx.vhd \
      EN work/ps2_rx 1578841164
FL /home/dumbo/XilinxProjects/PhongVhdlBook/KeyboardInterfaceChapter8/list_ch08_03_kb_lcode.vhd 2008/01/28.17:10:04 P.20131013
EN work/kb_code 1578841166 \
      FL /home/dumbo/XilinxProjects/PhongVhdlBook/KeyboardInterfaceChapter8/list_ch08_03_kb_lcode.vhd \
      PB ieee/std_logic_1164 1381692176 PB ieee/NUMERIC_STD 1381692181
AR work/kb_code/arch 1578841167 \
      FL /home/dumbo/XilinxProjects/PhongVhdlBook/KeyboardInterfaceChapter8/list_ch08_03_kb_lcode.vhd \
      EN work/kb_code 1578841166 AR work/ps2_rx/arch 1578841165 AR work/fifo/arch 1578841161
FL /home/dumbo/XilinxProjects/PhongVhdlBook/KeyboardInterfaceChapter8/list_ch08_04_key2ascii.vhd 2008/01/28.17:10:20 P.20131013
EN work/key2ascii 1578841170 \
      FL /home/dumbo/XilinxProjects/PhongVhdlBook/KeyboardInterfaceChapter8/list_ch08_04_key2ascii.vhd \
      PB ieee/std_logic_1164 1381692176 PB ieee/NUMERIC_STD 1381692181
AR work/key2ascii/arch 1578841171 \
      FL /home/dumbo/XilinxProjects/PhongVhdlBook/KeyboardInterfaceChapter8/list_ch08_04_key2ascii.vhd \
      EN work/key2ascii 1578841170
FL /home/dumbo/XilinxProjects/PhongVhdlBook/KeyboardInterfaceChapter8/list_ch08_05_kb_test.vhd 2020/01/12.15:55:16 P.20131013
EN work/kb_test 1578841172 \
      FL /home/dumbo/XilinxProjects/PhongVhdlBook/KeyboardInterfaceChapter8/list_ch08_05_kb_test.vhd \
      PB ieee/std_logic_1164 1381692176 PB ieee/NUMERIC_STD 1381692181
AR work/kb_test/arch 1578841173 \
      FL /home/dumbo/XilinxProjects/PhongVhdlBook/KeyboardInterfaceChapter8/list_ch08_05_kb_test.vhd \
      EN work/kb_test 1578841172 AR work/kb_code/arch 1578841167 \
      AR work/uart/str_arch 1578841169 AR work/key2ascii/arch 1578841171
