AR mod_m_counter arch C:/BEP/fpga/vhdlphong/MouseChapter9/list_ch04_11_mod_m.vhd sub00/vhpl01 1578993298
AR ps2_rx arch C:/BEP/fpga/vhdlphong/MouseChapter9/list_ch08_01_ps2_rx.vhd sub00/vhpl11 1578993308
AR ps2_rxtx arch C:/BEP/fpga/vhdlphong/MouseChapter9/list_ch09_02_ps2_rxtx.vhd sub00/vhpl15 1578993312
EN ps2_rx NULL C:/BEP/fpga/vhdlphong/MouseChapter9/list_ch08_01_ps2_rx.vhd sub00/vhpl10 1578993307
EN ps2_tx NULL C:/BEP/fpga/vhdlphong/MouseChapter9/list_ch09_01_ps2_tx.vhd sub00/vhpl08 1578993305
EN ps2_rxtx NULL C:/BEP/fpga/vhdlphong/MouseChapter9/list_ch09_02_ps2_rxtx.vhd sub00/vhpl14 1578993311
AR fifo arch C:/BEP/fpga/vhdlphong/MouseChapter9/list_ch04_20_fifo.vhd sub00/vhpl05 1578993302
EN debounce NULL C:/BEP/fpga/vhdlphong/MouseChapter9/list_ch06_01_02_debounce.vhd sub00/vhpl12 1578993309
AR debounce fsmd_arch C:/BEP/fpga/vhdlphong/MouseChapter9/list_ch06_01_02_debounce.vhd sub00/vhpl13 1578993310
EN ps2_monitor NULL C:/BEP/fpga/vhdlphong/MouseChapter9/list_ch09_03_ps2_mon.vhd sub00/vhpl18 1578993315
AR ps2_monitor arch C:/BEP/fpga/vhdlphong/MouseChapter9/list_ch09_03_ps2_mon.vhd sub00/vhpl19 1578993316
EN fifo NULL C:/BEP/fpga/vhdlphong/MouseChapter9/list_ch04_20_fifo.vhd sub00/vhpl04 1578993301
EN uart NULL C:/BEP/fpga/vhdlphong/MouseChapter9/list_ch07_04_uart.vhd sub00/vhpl16 1578993313
EN mod_m_counter NULL C:/BEP/fpga/vhdlphong/MouseChapter9/list_ch04_11_mod_m.vhd sub00/vhpl00 1578993297
AR uart_tx arch C:/BEP/fpga/vhdlphong/MouseChapter9/list_ch07_03_uart_tx.vhd sub00/vhpl07 1578993304
EN uart_rx NULL C:/BEP/fpga/vhdlphong/MouseChapter9/list_ch07_01_uart_rx.vhd sub00/vhpl02 1578993299
AR ps2_tx arch C:/BEP/fpga/vhdlphong/MouseChapter9/list_ch09_01_ps2_tx.vhd sub00/vhpl09 1578993306
EN uart_tx NULL C:/BEP/fpga/vhdlphong/MouseChapter9/list_ch07_03_uart_tx.vhd sub00/vhpl06 1578993303
AR uart_rx arch C:/BEP/fpga/vhdlphong/MouseChapter9/list_ch07_01_uart_rx.vhd sub00/vhpl03 1578993300
AR uart str_arch C:/BEP/fpga/vhdlphong/MouseChapter9/list_ch07_04_uart.vhd sub00/vhpl17 1578993314
