AR mod_m_counter arch /home/dumbo/XilinxProjects/PhongVhdlBook/MouseChapter9/list_ch04_11_mod_m.vhd sub00/vhpl01 1579339577
AR ps2_rx arch /home/dumbo/XilinxProjects/PhongVhdlBook/MouseChapter9/list_ch08_01_ps2_rx.vhd sub00/vhpl11 1579339587
AR ps2_rxtx arch /home/dumbo/XilinxProjects/PhongVhdlBook/MouseChapter9/list_ch09_02_ps2_rxtx.vhd sub00/vhpl15 1579339591
EN ps2_rx NULL /home/dumbo/XilinxProjects/PhongVhdlBook/MouseChapter9/list_ch08_01_ps2_rx.vhd sub00/vhpl10 1579339586
EN ps2_tx NULL /home/dumbo/XilinxProjects/PhongVhdlBook/MouseChapter9/list_ch09_01_ps2_tx.vhd sub00/vhpl08 1579339584
EN ps2_rxtx NULL /home/dumbo/XilinxProjects/PhongVhdlBook/MouseChapter9/list_ch09_02_ps2_rxtx.vhd sub00/vhpl14 1579339590
AR fifo arch /home/dumbo/XilinxProjects/PhongVhdlBook/MouseChapter9/list_ch04_20_fifo.vhd sub00/vhpl05 1579339581
EN debounce NULL /home/dumbo/XilinxProjects/PhongVhdlBook/MouseChapter9/list_ch06_01_02_debounce.vhd sub00/vhpl12 1579339588
AR debounce fsmd_arch /home/dumbo/XilinxProjects/PhongVhdlBook/MouseChapter9/list_ch06_01_02_debounce.vhd sub00/vhpl13 1579339589
EN ps2_monitor NULL /home/dumbo/XilinxProjects/PhongVhdlBook/MouseChapter9/list_ch09_03_ps2_mon.vhd sub00/vhpl18 1579339594
AR ps2_monitor arch /home/dumbo/XilinxProjects/PhongVhdlBook/MouseChapter9/list_ch09_03_ps2_mon.vhd sub00/vhpl19 1579339595
EN fifo NULL /home/dumbo/XilinxProjects/PhongVhdlBook/MouseChapter9/list_ch04_20_fifo.vhd sub00/vhpl04 1579339580
EN uart NULL /home/dumbo/XilinxProjects/PhongVhdlBook/MouseChapter9/list_ch07_04_uart.vhd sub00/vhpl16 1579339592
EN mod_m_counter NULL /home/dumbo/XilinxProjects/PhongVhdlBook/MouseChapter9/list_ch04_11_mod_m.vhd sub00/vhpl00 1579339576
AR uart_tx arch /home/dumbo/XilinxProjects/PhongVhdlBook/MouseChapter9/list_ch07_03_uart_tx.vhd sub00/vhpl07 1579339583
EN uart_rx NULL /home/dumbo/XilinxProjects/PhongVhdlBook/MouseChapter9/list_ch07_01_uart_rx.vhd sub00/vhpl02 1579339578
AR ps2_tx arch /home/dumbo/XilinxProjects/PhongVhdlBook/MouseChapter9/list_ch09_01_ps2_tx.vhd sub00/vhpl09 1579339585
EN uart_tx NULL /home/dumbo/XilinxProjects/PhongVhdlBook/MouseChapter9/list_ch07_03_uart_tx.vhd sub00/vhpl06 1579339582
AR uart_rx arch /home/dumbo/XilinxProjects/PhongVhdlBook/MouseChapter9/list_ch07_01_uart_rx.vhd sub00/vhpl03 1579339579
AR uart str_arch /home/dumbo/XilinxProjects/PhongVhdlBook/MouseChapter9/list_ch07_04_uart.vhd sub00/vhpl17 1579339593
