AR ps2_rx arch /home/dumbo/XilinxProjects/PhongVhdlBook/MouseLedChapter9/list_ch08_01_ps2_rx.vhd sub00/vhpl03 1579340839
AR ps2_rxtx arch /home/dumbo/XilinxProjects/PhongVhdlBook/MouseLedChapter9/list_ch09_02_ps2_rxtx.vhd sub00/vhpl05 1579340841
EN ps2_rx NULL /home/dumbo/XilinxProjects/PhongVhdlBook/MouseLedChapter9/list_ch08_01_ps2_rx.vhd sub00/vhpl02 1579340838
EN ps2_tx NULL /home/dumbo/XilinxProjects/PhongVhdlBook/MouseLedChapter9/list_ch09_01_ps2_tx.vhd sub00/vhpl00 1579340836
AR mouse arch /home/dumbo/XilinxProjects/PhongVhdlBook/MouseLedChapter9/list_ch09_04_mouse.vhd sub00/vhpl07 1579340843
EN ps2_rxtx NULL /home/dumbo/XilinxProjects/PhongVhdlBook/MouseLedChapter9/list_ch09_02_ps2_rxtx.vhd sub00/vhpl04 1579340840
AR mouse_led arch /home/dumbo/XilinxProjects/PhongVhdlBook/MouseLedChapter9/list_ch09_05_mouse_led.vhd sub00/vhpl09 1579340845
EN mouse NULL /home/dumbo/XilinxProjects/PhongVhdlBook/MouseLedChapter9/list_ch09_04_mouse.vhd sub00/vhpl06 1579340842
AR ps2_tx arch /home/dumbo/XilinxProjects/PhongVhdlBook/MouseLedChapter9/list_ch09_01_ps2_tx.vhd sub00/vhpl01 1579340837
EN mouse_led NULL /home/dumbo/XilinxProjects/PhongVhdlBook/MouseLedChapter9/list_ch09_05_mouse_led.vhd sub00/vhpl08 1579340844
