V3 20
FL /home/dumbo/XilinxProjects/PhongVhdlBook/MouseLedChapter9/list_ch08_01_ps2_rx.vhd 2020/01/18.09:42:45 P.20131013
EN work/ps2_rx 1579340838 \
      FL /home/dumbo/XilinxProjects/PhongVhdlBook/MouseLedChapter9/list_ch08_01_ps2_rx.vhd \
      PB ieee/std_logic_1164 1381692176 PB ieee/NUMERIC_STD 1381692181
AR work/ps2_rx/arch 1579340839 \
      FL /home/dumbo/XilinxProjects/PhongVhdlBook/MouseLedChapter9/list_ch08_01_ps2_rx.vhd \
      EN work/ps2_rx 1579340838
FL /home/dumbo/XilinxProjects/PhongVhdlBook/MouseLedChapter9/list_ch09_01_ps2_tx.vhd 2020/01/18.09:27:28 P.20131013
EN work/ps2_tx 1579340836 \
      FL /home/dumbo/XilinxProjects/PhongVhdlBook/MouseLedChapter9/list_ch09_01_ps2_tx.vhd \
      PB ieee/std_logic_1164 1381692176 PB ieee/NUMERIC_STD 1381692181
AR work/ps2_tx/arch 1579340837 \
      FL /home/dumbo/XilinxProjects/PhongVhdlBook/MouseLedChapter9/list_ch09_01_ps2_tx.vhd \
      EN work/ps2_tx 1579340836
FL /home/dumbo/XilinxProjects/PhongVhdlBook/MouseLedChapter9/list_ch09_02_ps2_rxtx.vhd 2020/01/18.09:27:28 P.20131013
EN work/ps2_rxtx 1579340840 \
      FL /home/dumbo/XilinxProjects/PhongVhdlBook/MouseLedChapter9/list_ch09_02_ps2_rxtx.vhd \
      PB ieee/std_logic_1164 1381692176
AR work/ps2_rxtx/arch 1579340841 \
      FL /home/dumbo/XilinxProjects/PhongVhdlBook/MouseLedChapter9/list_ch09_02_ps2_rxtx.vhd \
      EN work/ps2_rxtx 1579340840 AR work/ps2_tx/arch 1579340837 \
      AR work/ps2_rx/arch 1579340839
FL /home/dumbo/XilinxProjects/PhongVhdlBook/MouseLedChapter9/list_ch09_04_mouse.vhd 2020/01/18.09:27:28 P.20131013
EN work/mouse 1579340842 \
      FL /home/dumbo/XilinxProjects/PhongVhdlBook/MouseLedChapter9/list_ch09_04_mouse.vhd \
      PB ieee/std_logic_1164 1381692176 PB ieee/NUMERIC_STD 1381692181
AR work/mouse/arch 1579340843 \
      FL /home/dumbo/XilinxProjects/PhongVhdlBook/MouseLedChapter9/list_ch09_04_mouse.vhd \
      EN work/mouse 1579340842 AR work/ps2_rxtx/arch 1579340841
FL /home/dumbo/XilinxProjects/PhongVhdlBook/MouseLedChapter9/list_ch09_05_mouse_led.vhd 2020/01/18.09:27:28 P.20131013
EN work/mouse_led 1579340844 \
      FL /home/dumbo/XilinxProjects/PhongVhdlBook/MouseLedChapter9/list_ch09_05_mouse_led.vhd \
      PB ieee/std_logic_1164 1381692176 PB ieee/NUMERIC_STD 1381692181
AR work/mouse_led/arch 1579340845 \
      FL /home/dumbo/XilinxProjects/PhongVhdlBook/MouseLedChapter9/list_ch09_05_mouse_led.vhd \
      EN work/mouse_led 1579340844 AR work/mouse/arch 1579340843
FL C:/BEP/fpga/vhdlphong/MouseLedChapter9/list_ch08_01_ps2_rx.vhd 2020/01/13.18:12:45 P.20131013
FL C:/BEP/fpga/vhdlphong/MouseLedChapter9/list_ch09_01_ps2_tx.vhd 2020/01/13.18:12:45 P.20131013
FL C:/BEP/fpga/vhdlphong/MouseLedChapter9/list_ch09_02_ps2_rxtx.vhd 2020/01/13.18:12:45 P.20131013
FL C:/BEP/fpga/vhdlphong/MouseLedChapter9/list_ch09_04_mouse.vhd 2020/01/13.18:12:45 P.20131013
FL C:/BEP/fpga/vhdlphong/MouseLedChapter9/list_ch09_05_mouse_led.vhd 2020/01/14.10:21:16 P.20131013
