V3 15
FL C:/BEP/fpga/vhdlphong/MouseLedChapter9/list_ch08_01_ps2_rx.vhd 2020/01/13.18:12:45 P.20131013
EN work/ps2_rx 1578993683 \
      FL C:/BEP/fpga/vhdlphong/MouseLedChapter9/list_ch08_01_ps2_rx.vhd \
      PB ieee/std_logic_1164 1381692176 PB ieee/NUMERIC_STD 1381692181
AR work/ps2_rx/arch 1578993684 \
      FL C:/BEP/fpga/vhdlphong/MouseLedChapter9/list_ch08_01_ps2_rx.vhd \
      EN work/ps2_rx 1578993683
FL C:/BEP/fpga/vhdlphong/MouseLedChapter9/list_ch09_01_ps2_tx.vhd 2020/01/13.18:12:45 P.20131013
EN work/ps2_tx 1578993681 \
      FL C:/BEP/fpga/vhdlphong/MouseLedChapter9/list_ch09_01_ps2_tx.vhd \
      PB ieee/std_logic_1164 1381692176 PB ieee/NUMERIC_STD 1381692181
AR work/ps2_tx/arch 1578993682 \
      FL C:/BEP/fpga/vhdlphong/MouseLedChapter9/list_ch09_01_ps2_tx.vhd \
      EN work/ps2_tx 1578993681
FL C:/BEP/fpga/vhdlphong/MouseLedChapter9/list_ch09_02_ps2_rxtx.vhd 2020/01/13.18:12:45 P.20131013
EN work/ps2_rxtx 1578993685 \
      FL C:/BEP/fpga/vhdlphong/MouseLedChapter9/list_ch09_02_ps2_rxtx.vhd \
      PB ieee/std_logic_1164 1381692176
AR work/ps2_rxtx/arch 1578993686 \
      FL C:/BEP/fpga/vhdlphong/MouseLedChapter9/list_ch09_02_ps2_rxtx.vhd \
      EN work/ps2_rxtx 1578993685 AR work/ps2_tx/arch 1578993682 \
      AR work/ps2_rx/arch 1578993684
FL C:/BEP/fpga/vhdlphong/MouseLedChapter9/list_ch09_04_mouse.vhd 2020/01/13.18:12:45 P.20131013
EN work/mouse 1578993687 \
      FL C:/BEP/fpga/vhdlphong/MouseLedChapter9/list_ch09_04_mouse.vhd \
      PB ieee/std_logic_1164 1381692176 PB ieee/NUMERIC_STD 1381692181
AR work/mouse/arch 1578993688 \
      FL C:/BEP/fpga/vhdlphong/MouseLedChapter9/list_ch09_04_mouse.vhd \
      EN work/mouse 1578993687 AR work/ps2_rxtx/arch 1578993686
FL C:/BEP/fpga/vhdlphong/MouseLedChapter9/list_ch09_05_mouse_led.vhd 2020/01/14.10:21:16 P.20131013
EN work/mouse_led 1578993689 \
      FL C:/BEP/fpga/vhdlphong/MouseLedChapter9/list_ch09_05_mouse_led.vhd \
      PB ieee/std_logic_1164 1381692176 PB ieee/NUMERIC_STD 1381692181
AR work/mouse_led/arch 1578993690 \
      FL C:/BEP/fpga/vhdlphong/MouseLedChapter9/list_ch09_05_mouse_led.vhd \
      EN work/mouse_led 1578993689 AR work/mouse/arch 1578993688
