EN srlram NULL /home/dumbo/XilinxProjects/PhongVhdlBook/bitmapvideo/ipcoredir2/tmp/./_cg/_dbg/./dist_mem_gen_v7_2/srlram/srlram.vhd sub00/vhpl13 1580566126
EN dist_mem_gen_v7_2_xst NULL /home/dumbo/XilinxProjects/PhongVhdlBook/bitmapvideo/ipcoredir2/tmp/./_cg/_dbg/./dist_mem_gen_v7_2/dist_mem_gen_v7_2_xst.vhd sub00/vhpl16 1580566129
EN rom NULL /home/dumbo/XilinxProjects/PhongVhdlBook/bitmapvideo/ipcoredir2/tmp/./_cg/_dbg/./dist_mem_gen_v7_2/rom/rom.vhd sub00/vhpl03 1580566116
EN dpram NULL /home/dumbo/XilinxProjects/PhongVhdlBook/bitmapvideo/ipcoredir2/tmp/./_cg/_dbg/./dist_mem_gen_v7_2/dpram/dpram.vhd sub00/vhpl07 1580566120
EN sdpram NULL /home/dumbo/XilinxProjects/PhongVhdlBook/bitmapvideo/ipcoredir2/tmp/./_cg/_dbg/./dist_mem_gen_v7_2/sdpram/sdpram.vhd sub00/vhpl09 1580566122
AR dpram rtl /home/dumbo/XilinxProjects/PhongVhdlBook/bitmapvideo/ipcoredir2/tmp/./_cg/_dbg/./dist_mem_gen_v7_2/dpram/dpram.vhd sub00/vhpl08 1580566121
AR dist_mem_gen_v7_2_xst rtl /home/dumbo/XilinxProjects/PhongVhdlBook/bitmapvideo/ipcoredir2/tmp/./_cg/_dbg/./dist_mem_gen_v7_2/dist_mem_gen_v7_2_xst.vhd sub00/vhpl17 1580566130
AR srl_block rtl /home/dumbo/XilinxProjects/PhongVhdlBook/bitmapvideo/ipcoredir2/tmp/./_cg/_dbg/./dist_mem_gen_v7_2/srlram/srl_block.vhd sub00/vhpl12 1580566125
AR dist_mem_gen_v7_2 xilinx /home/dumbo/XilinxProjects/PhongVhdlBook/bitmapvideo/ipcoredir2/tmp/./_cg/_dbg/./dist_mem_gen_v7_2/dist_mem_gen_v7_2.vhd sub00/vhpl19 1580566132
EN dist_mem_gen_v7_2 NULL /home/dumbo/XilinxProjects/PhongVhdlBook/bitmapvideo/ipcoredir2/tmp/./_cg/_dbg/./dist_mem_gen_v7_2/dist_mem_gen_v7_2.vhd sub00/vhpl18 1580566131
PB dist_mem_utils dist_mem_utils /home/dumbo/XilinxProjects/PhongVhdlBook/bitmapvideo/ipcoredir2/tmp/./_cg/_dbg/./dist_mem_gen_v7_2/dist_mem_utils.vhd sub00/vhpl01 1580566114
AR sdpram rtl /home/dumbo/XilinxProjects/PhongVhdlBook/bitmapvideo/ipcoredir2/tmp/./_cg/_dbg/./dist_mem_gen_v7_2/sdpram/sdpram.vhd sub00/vhpl10 1580566123
PH dist_mem_utils NULL /home/dumbo/XilinxProjects/PhongVhdlBook/bitmapvideo/ipcoredir2/tmp/./_cg/_dbg/./dist_mem_gen_v7_2/dist_mem_utils.vhd sub00/vhpl00 1580566113
EN srl_block NULL /home/dumbo/XilinxProjects/PhongVhdlBook/bitmapvideo/ipcoredir2/tmp/./_cg/_dbg/./dist_mem_gen_v7_2/srlram/srl_block.vhd sub00/vhpl11 1580566124
PH dist_mem_comps NULL /home/dumbo/XilinxProjects/PhongVhdlBook/bitmapvideo/ipcoredir2/tmp/./_cg/_dbg/./dist_mem_gen_v7_2/dist_mem_comps.vhd sub00/vhpl02 1580566115
EN spram NULL /home/dumbo/XilinxProjects/PhongVhdlBook/bitmapvideo/ipcoredir2/tmp/./_cg/_dbg/./dist_mem_gen_v7_2/spram/spram.vhd sub00/vhpl05 1580566118
AR spram rtl /home/dumbo/XilinxProjects/PhongVhdlBook/bitmapvideo/ipcoredir2/tmp/./_cg/_dbg/./dist_mem_gen_v7_2/spram/spram.vhd sub00/vhpl06 1580566119
AR srlram rtl /home/dumbo/XilinxProjects/PhongVhdlBook/bitmapvideo/ipcoredir2/tmp/./_cg/_dbg/./dist_mem_gen_v7_2/srlram/srlram.vhd sub00/vhpl14 1580566127
AR rom rtl /home/dumbo/XilinxProjects/PhongVhdlBook/bitmapvideo/ipcoredir2/tmp/./_cg/_dbg/./dist_mem_gen_v7_2/rom/rom.vhd sub00/vhpl04 1580566117
PH dist_mem_gen_v7_2_xst_comp NULL /home/dumbo/XilinxProjects/PhongVhdlBook/bitmapvideo/ipcoredir2/tmp/./_cg/_dbg/./dist_mem_gen_v7_2/dist_mem_gen_v7_2_xst_comp.vhd sub00/vhpl15 1580566128
